// Jest Snapshot v1, https://goo.gl/fbAQLP

exports[`selectionCellFormatter render 1`] = `
<TableSelectionCell
  checked={true}
  disabled={true}
  id="selectsome-index"
  label="Select row"
  onChange={[Function]}
  title="You do not have permission"
/>
`;
