// Jest Snapshot v1, https://goo.gl/fbAQLP

exports[`StoppedTable render error-last selected 1`] = `
<table
  className="table table-bordered table-striped stopped-table"
>
  <thead>
    <tr>
      <th />
      <th>
        Total
      </th>
      <th>
        week
      </th>
    </tr>
  </thead>
  <tbody>
    <tr
      key="error"
    >
      <td>
        <Icon
          name="error-circle-o"
          type="pf"
        />
        Error
      </td>
      <td
        className="data-col not-focused"
        onClick={[Function]}
      >
        <Button
          active={false}
          block={false}
          bsClass="btn"
          bsStyle="link"
          disabled={false}
        >
          9
        </Button>
      </td>
      <td
        className="data-col active"
        onClick={[Function]}
      >
        <Button
          active={false}
          block={false}
          bsClass="btn"
          bsStyle="link"
          disabled={false}
        >
          1
        </Button>
      </td>
    </tr>
    <tr
      key="warning"
    >
      <td>
        <Icon
          name="warning-triangle-o"
          type="pf"
        />
        Warning
      </td>
      <td
        className="data-col not-focused"
        onClick={[Function]}
      >
        <Button
          active={false}
          block={false}
          bsClass="btn"
          bsStyle="link"
          disabled={false}
        >
          8
        </Button>
      </td>
      <td
        className="data-col not-focused"
        onClick={[Function]}
      >
        <Button
          active={false}
          block={false}
          bsClass="btn"
          bsStyle="link"
          disabled={false}
        >
          2
        </Button>
      </td>
    </tr>
    <tr
      key="success"
    >
      <td>
        <Icon
          name="ok"
          type="pf"
        />
        Success
      </td>
      <td
        className="data-col not-focused"
        onClick={[Function]}
      >
        <Button
          active={false}
          block={false}
          bsClass="btn"
          bsStyle="link"
          disabled={false}
        >
          7
        </Button>
      </td>
      <td
        className="data-col not-focused"
        onClick={[Function]}
      >
        <Button
          active={false}
          block={false}
          bsClass="btn"
          bsStyle="link"
          disabled={false}
        >
          3
        </Button>
      </td>
    </tr>
  </tbody>
</table>
`;

exports[`StoppedTable render error-total selected 1`] = `
<table
  className="table table-bordered table-striped stopped-table"
>
  <thead>
    <tr>
      <th />
      <th>
        Total
      </th>
      <th>
        week
      </th>
    </tr>
  </thead>
  <tbody>
    <tr
      key="error"
    >
      <td>
        <Icon
          name="error-circle-o"
          type="pf"
        />
        Error
      </td>
      <td
        className="data-col active"
        onClick={[Function]}
      >
        <Button
          active={false}
          block={false}
          bsClass="btn"
          bsStyle="link"
          disabled={false}
        >
          9
        </Button>
      </td>
      <td
        className="data-col not-focused"
        onClick={[Function]}
      >
        <Button
          active={false}
          block={false}
          bsClass="btn"
          bsStyle="link"
          disabled={false}
        >
          1
        </Button>
      </td>
    </tr>
    <tr
      key="warning"
    >
      <td>
        <Icon
          name="warning-triangle-o"
          type="pf"
        />
        Warning
      </td>
      <td
        className="data-col not-focused"
        onClick={[Function]}
      >
        <Button
          active={false}
          block={false}
          bsClass="btn"
          bsStyle="link"
          disabled={false}
        >
          8
        </Button>
      </td>
      <td
        className="data-col not-focused"
        onClick={[Function]}
      >
        <Button
          active={false}
          block={false}
          bsClass="btn"
          bsStyle="link"
          disabled={false}
        >
          2
        </Button>
      </td>
    </tr>
    <tr
      key="success"
    >
      <td>
        <Icon
          name="ok"
          type="pf"
        />
        Success
      </td>
      <td
        className="data-col not-focused"
        onClick={[Function]}
      >
        <Button
          active={false}
          block={false}
          bsClass="btn"
          bsStyle="link"
          disabled={false}
        >
          7
        </Button>
      </td>
      <td
        className="data-col not-focused"
        onClick={[Function]}
      >
        <Button
          active={false}
          block={false}
          bsClass="btn"
          bsStyle="link"
          disabled={false}
        >
          3
        </Button>
      </td>
    </tr>
  </tbody>
</table>
`;

exports[`StoppedTable render success-last selected 1`] = `
<table
  className="table table-bordered table-striped stopped-table"
>
  <thead>
    <tr>
      <th />
      <th>
        Total
      </th>
      <th>
        week
      </th>
    </tr>
  </thead>
  <tbody>
    <tr
      key="error"
    >
      <td>
        <Icon
          name="error-circle-o"
          type="pf"
        />
        Error
      </td>
      <td
        className="data-col not-focused"
        onClick={[Function]}
      >
        <Button
          active={false}
          block={false}
          bsClass="btn"
          bsStyle="link"
          disabled={false}
        >
          9
        </Button>
      </td>
      <td
        className="data-col not-focused"
        onClick={[Function]}
      >
        <Button
          active={false}
          block={false}
          bsClass="btn"
          bsStyle="link"
          disabled={false}
        >
          1
        </Button>
      </td>
    </tr>
    <tr
      key="warning"
    >
      <td>
        <Icon
          name="warning-triangle-o"
          type="pf"
        />
        Warning
      </td>
      <td
        className="data-col not-focused"
        onClick={[Function]}
      >
        <Button
          active={false}
          block={false}
          bsClass="btn"
          bsStyle="link"
          disabled={false}
        >
          8
        </Button>
      </td>
      <td
        className="data-col not-focused"
        onClick={[Function]}
      >
        <Button
          active={false}
          block={false}
          bsClass="btn"
          bsStyle="link"
          disabled={false}
        >
          2
        </Button>
      </td>
    </tr>
    <tr
      key="success"
    >
      <td>
        <Icon
          name="ok"
          type="pf"
        />
        Success
      </td>
      <td
        className="data-col not-focused"
        onClick={[Function]}
      >
        <Button
          active={false}
          block={false}
          bsClass="btn"
          bsStyle="link"
          disabled={false}
        >
          7
        </Button>
      </td>
      <td
        className="data-col active"
        onClick={[Function]}
      >
        <Button
          active={false}
          block={false}
          bsClass="btn"
          bsStyle="link"
          disabled={false}
        >
          3
        </Button>
      </td>
    </tr>
  </tbody>
</table>
`;

exports[`StoppedTable render success-total selected 1`] = `
<table
  className="table table-bordered table-striped stopped-table"
>
  <thead>
    <tr>
      <th />
      <th>
        Total
      </th>
      <th>
        week
      </th>
    </tr>
  </thead>
  <tbody>
    <tr
      key="error"
    >
      <td>
        <Icon
          name="error-circle-o"
          type="pf"
        />
        Error
      </td>
      <td
        className="data-col not-focused"
        onClick={[Function]}
      >
        <Button
          active={false}
          block={false}
          bsClass="btn"
          bsStyle="link"
          disabled={false}
        >
          9
        </Button>
      </td>
      <td
        className="data-col not-focused"
        onClick={[Function]}
      >
        <Button
          active={false}
          block={false}
          bsClass="btn"
          bsStyle="link"
          disabled={false}
        >
          1
        </Button>
      </td>
    </tr>
    <tr
      key="warning"
    >
      <td>
        <Icon
          name="warning-triangle-o"
          type="pf"
        />
        Warning
      </td>
      <td
        className="data-col not-focused"
        onClick={[Function]}
      >
        <Button
          active={false}
          block={false}
          bsClass="btn"
          bsStyle="link"
          disabled={false}
        >
          8
        </Button>
      </td>
      <td
        className="data-col not-focused"
        onClick={[Function]}
      >
        <Button
          active={false}
          block={false}
          bsClass="btn"
          bsStyle="link"
          disabled={false}
        >
          2
        </Button>
      </td>
    </tr>
    <tr
      key="success"
    >
      <td>
        <Icon
          name="ok"
          type="pf"
        />
        Success
      </td>
      <td
        className="data-col active"
        onClick={[Function]}
      >
        <Button
          active={false}
          block={false}
          bsClass="btn"
          bsStyle="link"
          disabled={false}
        >
          7
        </Button>
      </td>
      <td
        className="data-col not-focused"
        onClick={[Function]}
      >
        <Button
          active={false}
          block={false}
          bsClass="btn"
          bsStyle="link"
          disabled={false}
        >
          3
        </Button>
      </td>
    </tr>
  </tbody>
</table>
`;

exports[`StoppedTable render warning-last selected 1`] = `
<table
  className="table table-bordered table-striped stopped-table"
>
  <thead>
    <tr>
      <th />
      <th>
        Total
      </th>
      <th>
        week
      </th>
    </tr>
  </thead>
  <tbody>
    <tr
      key="error"
    >
      <td>
        <Icon
          name="error-circle-o"
          type="pf"
        />
        Error
      </td>
      <td
        className="data-col not-focused"
        onClick={[Function]}
      >
        <Button
          active={false}
          block={false}
          bsClass="btn"
          bsStyle="link"
          disabled={false}
        >
          9
        </Button>
      </td>
      <td
        className="data-col not-focused"
        onClick={[Function]}
      >
        <Button
          active={false}
          block={false}
          bsClass="btn"
          bsStyle="link"
          disabled={false}
        >
          1
        </Button>
      </td>
    </tr>
    <tr
      key="warning"
    >
      <td>
        <Icon
          name="warning-triangle-o"
          type="pf"
        />
        Warning
      </td>
      <td
        className="data-col not-focused"
        onClick={[Function]}
      >
        <Button
          active={false}
          block={false}
          bsClass="btn"
          bsStyle="link"
          disabled={false}
        >
          8
        </Button>
      </td>
      <td
        className="data-col active"
        onClick={[Function]}
      >
        <Button
          active={false}
          block={false}
          bsClass="btn"
          bsStyle="link"
          disabled={false}
        >
          2
        </Button>
      </td>
    </tr>
    <tr
      key="success"
    >
      <td>
        <Icon
          name="ok"
          type="pf"
        />
        Success
      </td>
      <td
        className="data-col not-focused"
        onClick={[Function]}
      >
        <Button
          active={false}
          block={false}
          bsClass="btn"
          bsStyle="link"
          disabled={false}
        >
          7
        </Button>
      </td>
      <td
        className="data-col not-focused"
        onClick={[Function]}
      >
        <Button
          active={false}
          block={false}
          bsClass="btn"
          bsStyle="link"
          disabled={false}
        >
          3
        </Button>
      </td>
    </tr>
  </tbody>
</table>
`;

exports[`StoppedTable render warning-total selected 1`] = `
<table
  className="table table-bordered table-striped stopped-table"
>
  <thead>
    <tr>
      <th />
      <th>
        Total
      </th>
      <th>
        week
      </th>
    </tr>
  </thead>
  <tbody>
    <tr
      key="error"
    >
      <td>
        <Icon
          name="error-circle-o"
          type="pf"
        />
        Error
      </td>
      <td
        className="data-col not-focused"
        onClick={[Function]}
      >
        <Button
          active={false}
          block={false}
          bsClass="btn"
          bsStyle="link"
          disabled={false}
        >
          9
        </Button>
      </td>
      <td
        className="data-col not-focused"
        onClick={[Function]}
      >
        <Button
          active={false}
          block={false}
          bsClass="btn"
          bsStyle="link"
          disabled={false}
        >
          1
        </Button>
      </td>
    </tr>
    <tr
      key="warning"
    >
      <td>
        <Icon
          name="warning-triangle-o"
          type="pf"
        />
        Warning
      </td>
      <td
        className="data-col active"
        onClick={[Function]}
      >
        <Button
          active={false}
          block={false}
          bsClass="btn"
          bsStyle="link"
          disabled={false}
        >
          8
        </Button>
      </td>
      <td
        className="data-col not-focused"
        onClick={[Function]}
      >
        <Button
          active={false}
          block={false}
          bsClass="btn"
          bsStyle="link"
          disabled={false}
        >
          2
        </Button>
      </td>
    </tr>
    <tr
      key="success"
    >
      <td>
        <Icon
          name="ok"
          type="pf"
        />
        Success
      </td>
      <td
        className="data-col not-focused"
        onClick={[Function]}
      >
        <Button
          active={false}
          block={false}
          bsClass="btn"
          bsStyle="link"
          disabled={false}
        >
          7
        </Button>
      </td>
      <td
        className="data-col not-focused"
        onClick={[Function]}
      >
        <Button
          active={false}
          block={false}
          bsClass="btn"
          bsStyle="link"
          disabled={false}
        >
          3
        </Button>
      </td>
    </tr>
  </tbody>
</table>
`;

exports[`StoppedTable render with props 1`] = `
<table
  className="table table-bordered table-striped stopped-table"
>
  <thead>
    <tr>
      <th />
      <th>
        Total
      </th>
      <th>
        week
      </th>
    </tr>
  </thead>
  <tbody>
    <tr
      key="error"
    >
      <td>
        <Icon
          name="error-circle-o"
          type="pf"
        />
        Error
      </td>
      <td
        className="data-col"
        onClick={[Function]}
      >
        <Button
          active={false}
          block={false}
          bsClass="btn"
          bsStyle="link"
          disabled={false}
        >
          9
        </Button>
      </td>
      <td
        className="data-col"
        onClick={[Function]}
      >
        <Button
          active={false}
          block={false}
          bsClass="btn"
          bsStyle="link"
          disabled={false}
        >
          1
        </Button>
      </td>
    </tr>
    <tr
      key="warning"
    >
      <td>
        <Icon
          name="warning-triangle-o"
          type="pf"
        />
        Warning
      </td>
      <td
        className="data-col"
        onClick={[Function]}
      >
        <Button
          active={false}
          block={false}
          bsClass="btn"
          bsStyle="link"
          disabled={false}
        >
          8
        </Button>
      </td>
      <td
        className="data-col"
        onClick={[Function]}
      >
        <Button
          active={false}
          block={false}
          bsClass="btn"
          bsStyle="link"
          disabled={false}
        >
          2
        </Button>
      </td>
    </tr>
    <tr
      key="success"
    >
      <td>
        <Icon
          name="ok"
          type="pf"
        />
        Success
      </td>
      <td
        className="data-col"
        onClick={[Function]}
      >
        <Button
          active={false}
          block={false}
          bsClass="btn"
          bsStyle="link"
          disabled={false}
        >
          7
        </Button>
      </td>
      <td
        className="data-col"
        onClick={[Function]}
      >
        <Button
          active={false}
          block={false}
          bsClass="btn"
          bsStyle="link"
          disabled={false}
        >
          3
        </Button>
      </td>
    </tr>
  </tbody>
</table>
`;
