// Jest Snapshot v1, https://goo.gl/fbAQLP

exports[`PausedTasksCard render with minimal props 1`] = `
<TasksDonutCard
  className=""
  focusedOn={
    Object {
      "normal": true,
    }
  }
  last={3}
  older={5}
  title="Paused"
/>
`;
