// Jest Snapshot v1, https://goo.gl/fbAQLP

exports[`SubTasksPage rendering render with minimal props 1`] = `
<Connect(TasksTablePage)
  actionSelected={[MockFunction]}
  cancelTask={[MockFunction]}
  getBreadcrumbs={[MockFunction]}
  getTableItems={[MockFunction]}
  hideSelcetedModal={[MockFunction]}
  history={
    Object {
      "location": Object {
        "search": "",
      },
    }
  }
  itemCount={2}
  match={
    Object {
      "params": Object {
        "id": "some-id",
      },
    }
  }
  pagination={
    Object {
      "page": 1,
      "perPage": 10,
    }
  }
  parentTaskID="some-id"
  results={
    Array [
      "a",
      "b",
    ]
  }
  resumeTask={[MockFunction]}
  selectAllRows={[MockFunction]}
  selectRow={[MockFunction]}
  selectedRows={Array []}
  showCancelSelcetedModal={[MockFunction]}
  showResumeSelcetedModal={[MockFunction]}
  sort={
    Object {
      "by": "q",
      "order": "w",
    }
  }
  status="RESOLVED"
  unselectAllRows={[MockFunction]}
  unselectRow={[MockFunction]}
/>
`;
