// Jest Snapshot v1, https://goo.gl/fbAQLP

exports[`ForemanTasks render without Props 1`] = `
<BrowserRouter>
  <ForemanTasksRouter />
</BrowserRouter>
`;
