// Jest Snapshot v1, https://goo.gl/fbAQLP

exports[`IndexTasks render without Props 1`] = `
<div>
  <Connect(TasksTablePage)
    history={
      Object {
        "push": [MockFunction],
      }
    }
  />
</div>
`;
