// Jest Snapshot v1, https://goo.gl/fbAQLP

exports[`ResumeButton rendering render with minimal props 1`] = `
<Button
  active={false}
  block={false}
  bsClass="btn"
  bsSize="small"
  bsStyle="default"
  disabled={false}
  onClick={[Function]}
>
  Resume
</Button>
`;
